// Jest Snapshot v1, https://goo.gl/fbAQLP

exports[`HeaderComponent snapshot renders header component 1`] = `
<header
  className="app-header container"
>
  <h1
    className="title title-header"
  >
    Idea Board
  </h1>
</header>
`;
